Microchip MPLAB XC8 Compiler V2.32

Linker command line:

-W-3 --edf=C:\Program Files\Microchip\xc8\v2.32\pic\dat\en_msgs.txt -cn \
  -h+dist/default/production\UART_4.X.production.sym \
  --cmf=dist/default/production\UART_4.X.production.cmf -z -Q18F87K22 \
  -oC:\Users\Studenti\AppData\Local\Temp\xcAsc8c.4 --defsym=__MPLAB_BUILD=1 \
  -Mdist/default/production/UART_4.X.production.map -E1 -ver=XC8 Compiler \
  --acfsm=1493 -ASTACK=060h-0F15h -pstack=STACK -ACODE=00h-01FFFFh \
  -ACONST=00h-01FFFFh -ASMALLCONST=01000h-010FFhx496 \
  -AMEDIUMCONST=01000h-0FFFFh,011000h-01FFFFh -ACOMRAM=01h-05Fh \
  -AABS1=00h-0F15h -ABIGRAM=01h-0F15h \
  -ARAM=060h-0FFh,0100h-01FFhx14,0F00h-0F15h -ABANK0=060h-0FFh \
  -ABANK1=0100h-01FFh -ABANK2=0200h-02FFh -ABANK3=0300h-03FFh \
  -ABANK4=0400h-04FFh -ABANK5=0500h-05FFh -ABANK6=0600h-06FFh \
  -ABANK7=0700h-07FFh -ABANK8=0800h-08FFh -ABANK9=0900h-09FFh \
  -ABANK10=0A00h-0AFFh -ABANK11=0B00h-0BFFh -ABANK12=0C00h-0CFFh \
  -ABANK13=0D00h-0DFFh -ABANK14=0E00h-0EFFh -ABANK15=0F00h-0F15h \
  -ASFR=0F16h-0F5Fh,0F60h-0FFFh -ACONFIG=0300000h-030000Dh \
  -AIDLOC=0200000h-0200007h -AEEDATA=0F00000h-0F003FFh -peeprom_data=EEDATA \
  -preset_vec=00h,intcode,intcodelo,powerup,init -pramtop=01000h \
  -psmallconst=SMALLCONST -pmediumconst=MEDIUMCONST -pconst=CONST \
  -AFARRAM=00h-00h \
  -prdata=COMRAM,nvrram=COMRAM,nvbit=COMRAM,rbss=COMRAM,rbit=COMRAM \
  -pfarbss=FARRAM,fardata=FARRAM,nvFARRAM=FARRAM \
  -pintsave_regs=BIGRAM,bigbss=BIGRAM,bigdata=BIGRAM -pbss=RAM \
  -pidata=CODE,irdata=CODE,ibigdata=CODE,ifardata=CODE -prparam=COMRAM \
  C:\Users\Studenti\AppData\Local\Temp\xcAsc8c.o \
  dist/default/production\UART_4.X.production.o 

Object code version is 3.11

Machine type is 18F87K22



                Name                               Link     Load   Length Selector   Space Scale
C:\Users\Studenti\AppData\Local\Temp\xcAsc8c.o
                idloc                            200000   200000        8        0       5
                config                           300000   300000        E        0       4
                init                                  0        0        4        0       0
dist/default/production\UART_4.X.production.o
                idloc                            200000   200000        8        0       5
                config                           300000   300000        E        0       4
                text11                            1FDB2    1FDB2       16     FED9       0
                text10                            1FD52    1FD52        E     FEA9       0
                text9                             1FD60    1FD60        E     FEB0       0
                text8                             1FD6E    1FD6E        E     FEB7       0
                text7                             1FE08    1FE08       4A     FF04       0
                text6                             1FD8A    1FD8A       14     FEC5       0
                text5                             1FDC8    1FDC8       40     FEE4       0
                text4                             1FD7C    1FD7C        E     FEBE       0
                text3                             1FE52    1FE52       50     FF29       0
                text2                             1FEA2    1FEA2       6A     FF51       0
                text1                             1FF0C    1FF0C       6C     FF86       0
                text0                             1FF78    1FF78       88     FFBC       0
                cstackCOMRAM                          1        1       1D        1       1
                bssCOMRAM                            27       27        5        1       1
                cinit                             1FD9E    1FD9E       14     FECF       0
                nvCOMRAM                             1E       1E        9        1       1

TOTAL           Name                               Link     Load   Length     Space
        CLASS   STACK          

        CLASS   CODE           
                init                                  0        0        4         0
                text11                            1FDB2    1FDB2       16         0
                text10                            1FD52    1FD52        E         0
                text9                             1FD60    1FD60        E         0
                text8                             1FD6E    1FD6E        E         0
                text7                             1FE08    1FE08       4A         0
                text6                             1FD8A    1FD8A       14         0
                text5                             1FDC8    1FDC8       40         0
                text4                             1FD7C    1FD7C        E         0
                text3                             1FE52    1FE52       50         0
                text2                             1FEA2    1FEA2       6A         0
                text1                             1FF0C    1FF0C       6C         0
                text0                             1FF78    1FF78       88         0
                cinit                             1FD9E    1FD9E       14         0

        CLASS   CONST          

        CLASS   SMALLCONST     

        CLASS   MEDIUMCONST    

        CLASS   COMRAM         
                cstackCOMRAM                          1        1       1D         1
                bssCOMRAM                            27       27        5         1
                nvCOMRAM                             1E       1E        9         1

        CLASS   ABS1           

        CLASS   BIGRAM         

        CLASS   RAM            

        CLASS   BANK0          

        CLASS   BANK1          

        CLASS   BANK2          

        CLASS   BANK3          

        CLASS   BANK4          

        CLASS   BANK5          

        CLASS   BANK6          

        CLASS   BANK7          

        CLASS   BANK8          

        CLASS   BANK9          

        CLASS   BANK10         

        CLASS   BANK11         

        CLASS   BANK12         

        CLASS   BANK13         

        CLASS   BANK14         

        CLASS   BANK15         

        CLASS   SFR            

        CLASS   CONFIG         
                config                           300000   300000        E         4

        CLASS   IDLOC          
                idloc                            200000   200000        8         5

        CLASS   EEDATA         

        CLASS   FARRAM         



SEGMENTS        Name                           Load    Length   Top    Selector   Space  Class

                reset_vec                      000000  000004  000004         0       0  CODE    
                cstackCOMRAM                   000001  00002B  00002C         1       1  COMRAM  
                text10                         01FD52  00000E  01FD60      FEA9       0  CODE    
                text9                          01FD60  00000E  01FD6E      FEB0       0  CODE    
                text8                          01FD6E  00000E  01FD7C      FEB7       0  CODE    
                text4                          01FD7C  00000E  01FD8A      FEBE       0  CODE    
                text6                          01FD8A  000014  01FD9E      FEC5       0  CODE    
                cinit                          01FD9E  000014  01FDB2      FECF       0  CODE    
                text11                         01FDB2  000016  01FDC8      FED9       0  CODE    
                text5                          01FDC8  000040  01FE08      FEE4       0  CODE    
                text7                          01FE08  00004A  01FE52      FF04       0  CODE    
                text3                          01FE52  000050  01FEA2      FF29       0  CODE    
                text2                          01FEA2  00006A  01FF0C      FF51       0  CODE    
                text1                          01FF0C  00006C  01FF78      FF86       0  CODE    
                text0                          01FF78  000088  020000      FFBC       0  CODE    


UNUSED ADDRESS RANGES

        Name                Unused          Largest block    Delta
        BANK0            000060-0000FF               A0
        BANK1            000100-0001FF              100
        BANK10           000A00-000AFF              100
        BANK11           000B00-000BFF              100
        BANK12           000C00-000CFF              100
        BANK13           000D00-000DFF              100
        BANK14           000E00-000EFF              100
        BANK15           000F00-000F15               16
        BANK2            000200-0002FF              100
        BANK3            000300-0003FF              100
        BANK4            000400-0004FF              100
        BANK5            000500-0005FF              100
        BANK6            000600-0006FF              100
        BANK7            000700-0007FF              100
        BANK8            000800-0008FF              100
        BANK9            000900-0009FF              100
        BIGRAM           00002C-000F15              EEA
        CODE             000004-01FD51            1FD4E
        COMRAM           00002C-00005F               34
        CONST            000004-01FD51            1FD4E
        EEDATA           F00000-F003FF              400
        MEDIUMCONST      001000-00FFFF             F000
                         011000-01FD51             ED52
        RAM              000060-000F15              100
        SFR              000F16-000FFF               4A
        SMALLCONST       001000-01FD51              100
        STACK            000060-000F15              EB6

                                  Symbol Table

?___lmul                                        cstackCOMRAM 000001
?_rand                                          cstackCOMRAM 00000D
EUSART1_SetErrorHandler@interruptHandler        cstackCOMRAM 000001
EUSART1_SetFramingErrorHandler@interruptHandler cstackCOMRAM 000001
EUSART1_SetOverrunErrorHandler@interruptHandler cstackCOMRAM 000001
EUSART1_Write@txData                            cstackCOMRAM 000001
_ANCON0                                         (abs)        000F25
_ANCON1                                         (abs)        000F24
_ANCON2                                         (abs)        000F23
_BAUDCON1                                       (abs)        000F65
_EUSART1_DefaultErrorHandler                    (abs)        000000
_EUSART1_DefaultFramingErrorHandler             (abs)        000000
_EUSART1_DefaultOverrunErrorHandler             (abs)        000000
_EUSART1_ErrorHandler                           nvCOMRAM     00001E
_EUSART1_FramingErrorHandler                    nvCOMRAM     000024
_EUSART1_Initialize                             text7        01FE08
_EUSART1_OverrunErrorHandler                    nvCOMRAM     000021
_EUSART1_SetErrorHandler                        text10       01FD52
_EUSART1_SetFramingErrorHandler                 text9        01FD60
_EUSART1_SetOverrunErrorHandler                 text8        01FD6E
_EUSART1_Write                                  text11       01FDB2
_INTCONbits                                     (abs)        000FF2
_LATA                                           (abs)        000F89
_LATB                                           (abs)        000F8A
_LATC                                           (abs)        000F8B
_LATD                                           (abs)        000F8C
_LATE                                           (abs)        000F8D
_LATF                                           (abs)        000F8E
_LATG                                           (abs)        000F8F
_LATH                                           (abs)        000F90
_OSCCON                                         (abs)        000FD3
_OSCCON2                                        (abs)        000F64
_OSCILLATOR_Initialize                          text6        01FD8A
_OSCTUNE                                        (abs)        000F9B
_PIN_MANAGER_Initialize                         text5        01FDC8
_PIR1bits                                       (abs)        000F9E
_RCREG1                                         (abs)        000FAE
_RCSTA1                                         (abs)        000FAB
_RCSTA1bits                                     (abs)        000FAB
_REFOCON                                        (abs)        000F2A
_SPBRG1                                         (abs)        000FAF
_SPBRGH1                                        (abs)        000FD4
_SYSTEM_Initialize                              text4        01FD7C
_TRISA                                          (abs)        000F92
_TRISB                                          (abs)        000F93
_TRISC                                          (abs)        000F94
_TRISD                                          (abs)        000F95
_TRISE                                          (abs)        000F96
_TRISF                                          (abs)        000F97
_TRISG                                          (abs)        000F98
_TRISH                                          (abs)        000F99
_TXREG1                                         (abs)        000FAD
_TXSTA1                                         (abs)        000FAC
_TXSTA1bits                                     (abs)        000FAC
__HRAM                                          (abs)        000000
__Habs1                                         abs1         000000
__Hbank0                                        bank0        000000
__Hbank1                                        bank1        000000
__Hbank10                                       bank10       000000
__Hbank11                                       bank11       000000
__Hbank12                                       bank12       000000
__Hbank13                                       bank13       000000
__Hbank14                                       bank14       000000
__Hbank15                                       bank15       000000
__Hbank2                                        bank2        000000
__Hbank3                                        bank3        000000
__Hbank4                                        bank4        000000
__Hbank5                                        bank5        000000
__Hbank6                                        bank6        000000
__Hbank7                                        bank7        000000
__Hbank8                                        bank8        000000
__Hbank9                                        bank9        000000
__Hbigbss                                       bigbss       000000
__Hbigdata                                      bigdata      000000
__Hbigram                                       bigram       000000
__Hbss                                          bss          000000
__HbssCOMRAM                                    bssCOMRAM    000000
__Hcinit                                        cinit        000000
__Hclrtext                                      clrtext      000000
__Hcomram                                       comram       000000
__Hconfig                                       config       30000E
__Hconst                                        const        000000
__HcstackCOMRAM                                 cstackCOMRAM 000000
__Hdata                                         data         000000
__Heeprom_data                                  eeprom_data  000000
__Hfarbss                                       farbss       000000
__Hfardata                                      fardata      000000
__Hibigdata                                     ibigdata     000000
__Hidata                                        idata        000000
__Hidloc                                        idloc        200008
__Hifardata                                     ifardata     000000
__Hinit                                         init         000004
__Hintcode                                      intcode      000000
__Hintcode_body                                 intcode_body 000000
__Hintcodelo                                    intcodelo    000000
__Hintentry                                     intentry     000000
__Hintret                                       intret       000000
__Hintsave_regs                                 intsave_regs 000000
__Hirdata                                       irdata       000000
__Hmediumconst                                  mediumconst  000000
__HnvCOMRAM                                     nvCOMRAM     000000
__HnvFARRAM                                     nvFARRAM     000000
__Hnvbit                                        nvbit        000000
__Hnvrram                                       nvrram       000000
__Hparam                                        rparam       000000
__Hpowerup                                      powerup      000000
__Hram                                          ram          000000
__Hramtop                                       ramtop       001000
__Hrbit                                         rbit         000000
__Hrbss                                         rbss         000000
__Hrdata                                        rdata        000000
__Hreset_vec                                    reset_vec    000000
__Hrparam                                       rparam       000000
__Hsfr                                          sfr          000000
__Hsmallconst                                   smallconst   000000
__Hspace_0                                      (abs)        020000
__Hspace_1                                      (abs)        00002C
__Hspace_2                                      (abs)        000000
__Hspace_4                                      (abs)        60000E
__Hstack                                        stack        000000
__Hstruct                                       struct       000000
__Htemp                                         temp         000000
__Htext                                         text         000000
__Htext0                                        text0        000000
__Htext1                                        text1        000000
__Htext10                                       text10       000000
__Htext11                                       text11       000000
__Htext2                                        text2        000000
__Htext3                                        text3        000000
__Htext4                                        text4        000000
__Htext5                                        text5        000000
__Htext6                                        text6        000000
__Htext7                                        text7        000000
__Htext8                                        text8        000000
__Htext9                                        text9        000000
__LRAM                                          (abs)        000001
__Labs1                                         abs1         000000
__Lbank0                                        bank0        000000
__Lbank1                                        bank1        000000
__Lbank10                                       bank10       000000
__Lbank11                                       bank11       000000
__Lbank12                                       bank12       000000
__Lbank13                                       bank13       000000
__Lbank14                                       bank14       000000
__Lbank15                                       bank15       000000
__Lbank2                                        bank2        000000
__Lbank3                                        bank3        000000
__Lbank4                                        bank4        000000
__Lbank5                                        bank5        000000
__Lbank6                                        bank6        000000
__Lbank7                                        bank7        000000
__Lbank8                                        bank8        000000
__Lbank9                                        bank9        000000
__Lbigbss                                       bigbss       000000
__Lbigdata                                      bigdata      000000
__Lbigram                                       bigram       000000
__Lbss                                          bss          000000
__LbssCOMRAM                                    bssCOMRAM    000000
__Lcinit                                        cinit        000000
__Lclrtext                                      clrtext      000000
__Lcomram                                       comram       000000
__Lconfig                                       config       000000
__Lconst                                        const        000000
__LcstackCOMRAM                                 cstackCOMRAM 000000
__Ldata                                         data         000000
__Leeprom_data                                  eeprom_data  000000
__Lfarbss                                       farbss       000000
__Lfardata                                      fardata      000000
__Libigdata                                     ibigdata     000000
__Lidata                                        idata        000000
__Lidloc                                        idloc        000000
__Lifardata                                     ifardata     000000
__Linit                                         init         000000
__Lintcode                                      intcode      000000
__Lintcode_body                                 intcode_body 000000
__Lintcodelo                                    intcodelo    000000
__Lintentry                                     intentry     000000
__Lintret                                       intret       000000
__Lintsave_regs                                 intsave_regs 000000
__Lirdata                                       irdata       000000
__Lmediumconst                                  mediumconst  000000
__LnvCOMRAM                                     nvCOMRAM     000000
__LnvFARRAM                                     nvFARRAM     000000
__Lnvbit                                        nvbit        000000
__Lnvrram                                       nvrram       000000
__Lparam                                        rparam       000000
__Lpowerup                                      powerup      000000
__Lram                                          ram          000000
__Lramtop                                       ramtop       001000
__Lrbit                                         rbit         000000
__Lrbss                                         rbss         000000
__Lrdata                                        rdata        000000
__Lreset_vec                                    reset_vec    000000
__Lrparam                                       rparam       000000
__Lsfr                                          sfr          000000
__Lsmallconst                                   smallconst   000000
__Lspace_0                                      (abs)        000000
__Lspace_1                                      (abs)        000000
__Lspace_2                                      (abs)        000000
__Lspace_4                                      (abs)        000000
__Lstack                                        stack        000000
__Lstruct                                       struct       000000
__Ltemp                                         temp         000000
__Ltext                                         text         000000
__Ltext0                                        text0        000000
__Ltext1                                        text1        000000
__Ltext10                                       text10       000000
__Ltext11                                       text11       000000
__Ltext2                                        text2        000000
__Ltext3                                        text3        000000
__Ltext4                                        text4        000000
__Ltext5                                        text5        000000
__Ltext6                                        text6        000000
__Ltext7                                        text7        000000
__Ltext8                                        text8        000000
__Ltext9                                        text9        000000
__S0                                            (abs)        020000
__S1                                            (abs)        00002C
__S2                                            (abs)        000000
__S4                                            (abs)        000000
__S5                                            (abs)        000000
___extmem_base                                  (abs)        020000
___inthi_sp                                     stack        000000
___intlo_sp                                     stack        000000
___lmul                                         text2        01FEA2
___lmul@multiplicand                            cstackCOMRAM 000005
___lmul@multiplier                              cstackCOMRAM 000001
___lmul@product                                 cstackCOMRAM 000009
___param_bank                                   (abs)        000000
___rparam_used                                  (abs)        000001
___sp                                           stack        000000
__accesstop                                     (abs)        000060
__activetblptr                                  (abs)        000002
__end_of_EUSART1_Initialize                     text7        01FE52
__end_of_EUSART1_SetErrorHandler                text10       01FD60
__end_of_EUSART1_SetFramingErrorHandler         text9        01FD6E
__end_of_EUSART1_SetOverrunErrorHandler         text8        01FD7C
__end_of_EUSART1_Write                          text11       01FDC8
__end_of_OSCILLATOR_Initialize                  text6        01FD9E
__end_of_PIN_MANAGER_Initialize                 text5        01FE08
__end_of_SYSTEM_Initialize                      text4        01FD8A
__end_of___lmul                                 text2        01FF0C
__end_of__initialization                        cinit        01FDA8
__end_of_main                                   text0        020000
__end_of_memcpy                                 text3        01FEA2
__end_of_rand                                   text1        01FF78
__initialization                                cinit        01FD9E
__mediumconst                                   mediumconst  000000
__pbssCOMRAM                                    bssCOMRAM    000027
__pcinit                                        cinit        01FD9E
__pcstackCOMRAM                                 cstackCOMRAM 000001
__pnvCOMRAM                                     nvCOMRAM     00001E
__ptext0                                        text0        01FF78
__ptext1                                        text1        01FF0C
__ptext10                                       text10       01FD52
__ptext11                                       text11       01FDB2
__ptext2                                        text2        01FEA2
__ptext3                                        text3        01FE52
__ptext4                                        text4        01FD7C
__ptext5                                        text5        01FDC8
__ptext6                                        text6        01FD8A
__ptext7                                        text7        01FE08
__ptext8                                        text8        01FD6E
__ptext9                                        text9        01FD60
__ramtop                                        ramtop       001000
__size_of_EUSART1_Initialize                    (abs)        000000
__size_of_EUSART1_SetErrorHandler               (abs)        000000
__size_of_EUSART1_SetFramingErrorHandler        (abs)        000000
__size_of_EUSART1_SetOverrunErrorHandler        (abs)        000000
__size_of_EUSART1_Write                         (abs)        000000
__size_of_OSCILLATOR_Initialize                 (abs)        000000
__size_of_PIN_MANAGER_Initialize                (abs)        000000
__size_of_SYSTEM_Initialize                     (abs)        000000
__size_of___lmul                                (abs)        000000
__size_of_main                                  (abs)        000000
__size_of_memcpy                                (abs)        000000
__size_of_rand                                  (abs)        000000
__smallconst                                    smallconst   000000
_eusart1RxLastError                             bssCOMRAM    000027
_main                                           text0        01FF78
_memcpy                                         text3        01FE52
_rand                                           text1        01FF0C
_seed                                           bssCOMRAM    000028
end_of_initialization                           cinit        01FDA8
intlevel0                                       text         000000
intlevel1                                       text         000000
intlevel2                                       text         000000
intlevel3                                       text         000000
isa$std                                         (abs)        000001
isa$xinst                                       (abs)        000000
main@dt                                         cstackCOMRAM 00001B
main@i                                          cstackCOMRAM 00001C
main@i_426                                      cstackCOMRAM 00001D
main@sig                                        cstackCOMRAM 000017
main@temp                                       cstackCOMRAM 000013
memcpy@d                                        cstackCOMRAM 000007
memcpy@d1                                       cstackCOMRAM 000001
memcpy@n                                        cstackCOMRAM 000005
memcpy@s                                        cstackCOMRAM 000009
memcpy@s1                                       cstackCOMRAM 000003
memcpy@tmp                                      cstackCOMRAM 00000B
stackhi                                         (abs)        000F15
stacklo                                         (abs)        000060
start                                           init         000000
start_initialization                            cinit        01FD9E


MODULE INFORMATION

Module		Function		Class		Link	Load	Size
mcc_generated_files/pin_manager.c
		_PIN_MANAGER_Initialize		CODE           	1FDC8	0000	64

mcc_generated_files/pin_manager.c estimated size: 64

C:\Program Files\Microchip\xc8\v2.32\pic\sources\c99\common\rand.c
		_rand          		CODE           	1FF0C	0000	108

C:\Program Files\Microchip\xc8\v2.32\pic\sources\c99\common\rand.c estimated size: 108

C:\Program Files\Microchip\xc8\v2.32\pic\sources\c99\common\memcpy.c
		_memcpy        		CODE           	1FE52	0000	80

C:\Program Files\Microchip\xc8\v2.32\pic\sources\c99\common\memcpy.c estimated size: 80

shared
		__initialization		CODE           	1FD9E	0000	10

shared estimated size: 10

mcc_generated_files/eusart1.c
		_EUSART1_Initialize		CODE           	1FE08	0000	74
		_EUSART1_SetFramingErrorHandler		CODE           	1FD60	0000	14
		_EUSART1_SetOverrunErrorHandler		CODE           	1FD6E	0000	14
		_EUSART1_SetErrorHandler		CODE           	1FD52	0000	14
		_EUSART1_Write 		CODE           	1FDB2	0000	22

mcc_generated_files/eusart1.c estimated size: 138

mcc_generated_files/mcc.c
		_OSCILLATOR_Initialize		CODE           	1FD8A	0000	20
		_SYSTEM_Initialize		CODE           	1FD7C	0000	14

mcc_generated_files/mcc.c estimated size: 34

C:\Program Files\Microchip\xc8\v2.32\pic\sources\c99\common\Umul32.c
		___lmul        		CODE           	1FEA2	0000	106

C:\Program Files\Microchip\xc8\v2.32\pic\sources\c99\common\Umul32.c estimated size: 106

main.c
		_main          		CODE           	1FF78	0000	136

main.c estimated size: 136

